// Jest Snapshot v1, https://goo.gl/fbAQLP

exports[`renders Button from WordPress components 1`] = `
<button
  className="components-button"
  type="button"
>
  Click Me!
</button>
`;
